mvn : Picked up 
_JAVA_OPTIONS: 
-XX:+CreateCoredumpOnCrash
At line:1 char:1
+ mvn compile > 
build_output.txt 2>&1
+ ~~~~~~~~~~~~~~~~~~~~~~~~~
~~~~~~~~~~
    + CategoryInfo         
     : NotSpecified: (Pic  
  ked up _JAVA...Coredum   
 pOnCrash:String) [], R    
emoteException
    + FullyQualifiedErrorI 
   d : NativeCommandError
 
WARNING: A restricted 
method in java.lang.System 
has been called
WARNING: 
java.lang.System::load has 
been called by org.fusesour
ce.jansi.internal.JansiLoad
er in an unnamed module (fi
le:/C:/apache-maven-3.9.6-b
in/apache-maven-3.9.6/lib/j
ansi-2.4.0.jar)
WARNING: Use --enable-nativ
e-access=ALL-UNNAMED to 
avoid a warning for 
callers in this module
WARNING: Restricted 
methods will be blocked in 
a future release unless 
native access is enabled

WARNING: A terminally 
deprecated method in 
sun.misc.Unsafe has been 
called
WARNING: sun.misc.Unsafe::o
bjectFieldOffset has been 
called by com.google.common
.util.concurrent.AbstractFu
ture$UnsafeAtomicHelper (fi
le:/C:/apache-maven-3.9.6-b
in/apache-maven-3.9.6/lib/g
uava-32.0.1-jre.jar)
WARNING: Please consider 
reporting this to the 
maintainers of class com.go
ogle.common.util.concurrent
.AbstractFuture$UnsafeAtomi
cHelper
WARNING: sun.misc.Unsafe::o
bjectFieldOffset will be 
removed in a future release
[INFO] Scanning for projects...
[INFO] 
[INFO] ---------------------< com.atschecker:ats-checker >---------------------
[INFO] Building ats-checker 0.0.1-SNAPSHOT
[INFO]   from pom.xml
[INFO] --------------------------------[ jar ]---------------------------------
[INFO] 
[INFO] --- resources:3.3.1:resources (default-resources) @ ats-checker ---
[INFO] Copying 1 resource from src\main\resources to target\classes
[INFO] Copying 0 resource from src\main\resources to target\classes
[INFO] 
[INFO] --- compiler:3.11.0:compile (default-compile) @ ats-checker ---
[INFO] Changes detected - recompiling the module! :source
[INFO] Compiling 8 source files with javac [debug release 17] to target\classes
[INFO] -------------------------------------------------------------
[ERROR] COMPILATION ERROR : 
[INFO] -------------------------------------------------------------
[ERROR] /C:/Users/91887/OneDrive/Desktop/ATSCheker/src/main/java/com/atschecker/service/impl/AnalysisServiceImpl.java:[48,32] cannot find symbol
  symbol:   method builder()
  location: class com.atschecker.dto.AnalysisResponse
[INFO] 1 error
[INFO] -------------------------------------------------------------
[INFO] ------------------------------------------------------------------------
[INFO] BUILD FAILURE
[INFO] ------------------------------------------------------------------------
[INFO] Total time:  8.137 s
[INFO] Finished at: 2026-02-10T09:24:19+05:30
[INFO] ------------------------------------------------------------------------
[ERROR] Failed to execute goal org.apache.maven.plugins:maven-compiler-plugin:3.11.0:compile (default-compile) on project ats-checker: Compilation failure
[ERROR] /C:/Users/91887/OneDrive/Desktop/ATSCheker/src/main/java/com/atschecker/service/impl/AnalysisServiceImpl.java:[48,32] cannot find symbol
[ERROR]   symbol:   method builder()
[ERROR]   location: class com.atschecker.dto.AnalysisResponse
[ERROR] 
[ERROR] -> [Help 1]
[ERROR] 
[ERROR] To see the full stack trace of the errors, re-run Maven with the -e switch.
[ERROR] Re-run Maven using the -X switch to enable full debug logging.
[ERROR] 
[ERROR] For more information about the errors and possible solutions, please read the following articles:
[ERROR] [Help 1] http://cwiki.apache.org/confluence/display/MAVEN/MojoFailureException
